1000#`q
DE070000800B00E80300007171FFAA7171FF7171FF7171FF7171FF2A7171FF7171FF7171BF
([] q:1000#`q)
EF070000006200630B0001000034007100000001020B00E803570000710071FF0071FF0071FF005571FF0071FF0071FF0071FF000171BE
([] a:til 200;b:25+til 200;c:200#`a)
3F0E0000006200630B00030000580061006201000000030207AC00C800010006010005020005DB0302000204000200010500010002BE0600020001070000010001080001ED000209000200010A000100020B00DB000200000C000000030D00030000B60E000000030F000300001000006D00031100030000120000000313DB0003000014000000031500030000B6160000000317000300001800006D000319000300001A000000031BDB000300001C000000031D00030000B61E000000031F000300002000006D00032100030000220000000323DB0003000024000000032500030000B6260000000327000300002800006D000329000300002A000000032BDB000300002C000000032D00030000B62E000000032F000300003000006D00033100030000320000000333DB0003000034000000033500030000B6360000000337000300003800006D000339000300003A000000033BDB000300003C000000033D00030000B63E000000033F000300004000006D00034100030000420000000343DB0003000044000000034500030000B6460000000347000300004800006D000349000300004A000000034BDB000300004C000000034D00030000B64E000000034F000300005000006D00035100030000520000000353DB0003000054000000035500030000B6560000000357000300005800006D000359000300005A000000035BDB000300005C000000035D00030000B65E000000035F00030000600000B700036100000300620000046300045400640005650005660005675500056800056900056A00056B5500056C00056D00056E00056F55000570000571000572000573550005740005750005760005775500057800057900057A00057B5500057C00057D00057E00057F55000580000581000582000583550005840005850005860005875500058800058900058A00058B5500058C00058D00058E00058F55000590000591000592000593550005940005950005960005975500059800059900059A00059B5500059C00059D00059E00059F550005A00005A10005A20005A3550005A40005A50005A60005A7550005A80005A90005AA0005AB550005AC0005AD0005AE0005AF550005B00005B10005B20005B3550005B40005B50005B60005B7550005B80005B90005BA0005BB550005BC0005BD0005BE0005BF550005C00005C10005C20005C3550005C40005C50005C60005C7FF00050700C80219FF00053AFF00055BFFFF00057CFF00059DFF0005BE4EC8020002B6C900020001CA00010002CB00026D0001CC00010002CD00020001CEDB00010002CF00020001D000010002B6D100020001D200010002D300026D0001D400010002D500020001D6DB00010002D700020001D800010002B6D900020001DA00010002DB00026D0001DC00010002DD00020001DEDB00010002DF00020001E0000100022F0B00C802610061FF00618A
