1+`
807479706500
1
F90100000000000000
1i
FA01000000
-234h
FB16FF
0b
FF00
1b
FF01
0x2a
FC2A
89421099511627575j
F937BFD02704B03D01
3.234
F7AC1C5A643BDF0940
5.5e
F80000B040
"0"
F630
"abc"
0A0003000000616263
""
0A0000000000
"quick brown fox jumps over a lazy dog"
0A0025000000717569636B2062726F776E20666F78206A756D7073206F7665722061206C617A7920646F67
`abc
F561626300
`quickbrownfoxjumpsoveralazydog
F5717569636B62726F776E666F786A756D70736F766572616C617A79646F6700
2000.01.04D05:36:57.600
F400C0CAFA20FE0000
2001.01m
F30C000000
2001.01.01
F26E010000
2000.05.01
F279000000
2000.01.04T05:36:57.600
F1AC1C5A643BDF0940
0D05:36:57.600
F000C0DD4663120000
12:01
EFD1020000
12:05:00
EEECA90000
12:04:59.123
ED73BE9702
0x00
FC00
0Nh
FB0080
0N
F90000000000000080
0Ni
FA00000080
0Nj
F90000000000000080
0Ne
F80000C07F
0n
F7000000000000F87F
" "
F620
`
F500
0Np
F40000000000000080
0Nm
F300000080
0Nd
F200000080
0Nz
F1000000000000F87F
0Nn
F00000000000000080
0Nu
EF00000080
0Nv
EE00000080
0Nt
ED00000080
()
000000000000
(0b;1b;0b)
010003000000000100
(0x01;0x02;0xff)
0400030000000102FF
(1h;2h;3h)
050003000000010002000300
(1h;0Nh;3h)
050003000000010000800300
1 2 3
070003000000010000000000000002000000000000000300000000000000
1 0N 3
070003000000010000000000000000000000000000800300000000000000
(1i;2i;3i)
060003000000010000000200000003000000
(1i;0Ni;3i)
060003000000010000000000008003000000
(1j;2j;3j)
070003000000010000000000000002000000000000000300000000000000
(1j;0Nj;3j)
070003000000010000000000000000000000000000800300000000000000
(5.5e; 8.5e)
0800020000000000B04000000841
(5.5e; 0Ne)
0800020000000000B0400000C07F
3.23 6.46
090002000000D7A3703D0AD70940D7A3703D0AD71940
3.23 0n
090002000000D7A3703D0AD70940000000000000F87F
(1;`bcd;"0bc";5.5e)
000004000000F90100000000000000F5626364000A0003000000306263F80000B040
(42;::;`foo)
000003000000f92a000000000000006500f5666f6f00
(1;2h;3.234;"4")
000004000000f90100000000000000fb0200f7ac1c5a643bdf0940f634
(`one;2 3;"456";(7;8 9))
000004000000f56f6e6500070002000000020000000000000003000000000000000a0003000000343536000002000000f9070000000000000007000200000008000000000000000900000000000000
(enlist 1h; 2; enlist 3j)
0000030000000500010000000100F902000000000000000700010000000300000000000000
`the`quick`brown`fox
0B000400000074686500717569636B0062726F776E00666F7800
`jumps`over`a`lazy`dog
0B00050000006A756D7073006F7665720061006C617A7900646F6700
``quick``fox
0B000400000000717569636B0000666F7800
``
0B00020000000000
("quick"; "brown"; "fox"; "jumps"; "over"; "a lazy"; "dog")
0000070000000A0005000000717569636B0A000500000062726F776E0A0003000000666F780A00050000006A756D70730A00040000006F7665720A000600000061206C617A790A0003000000646F67
("quick"; " "; "fox"; "jumps"; "over"; "a lazy"; "dog")
0000070000000A0005000000717569636BF6200A0003000000666F780A00050000006A756D70730A00040000006F7665720A000600000061206C617A790A0003000000646F67
("one"; "two"; "3")
0000030000000a00030000006f6e650a000300000074776ff633
("one"; "two"; enlist "3")
0000030000000a00030000006f6e650a000300000074776f0a000100000033
2000.01.04D05:36:57.600 0Np
0C000200000000C0CAFA20FE00000000000000000080
(2001.01m; 0Nm)
0D00020000000C00000000000080
2001.01.01 2000.05.01 0Nd
0E00030000006E0100007900000000000080
2000.01.04T05:36:57.600 0Nz
0F0002000000AC1C5A643BDF0940000000000000F87F
0D05:36:57.600 0Nn
10000200000000C0DD46631200000000000000000080
12:01 0Nu
110002000000D102000000000080
12:05:00 0Nv
120002000000ECA9000000000080
12:04:59.123 0Nt
13000200000073BE970200000080
::
6500
{x+y}
64000A00050000007B782B797D
{x+y}[3]
680200000064000A00050000007B782B797DF90300000000000000
insert [1]
6802000000661cf90100000000000000
xbar
6471000a00240000006b297b782a792064697620783a245b3136683d6162735b40785d3b226a2224783b785d7d
not
650f
and
6605
md5
68020000006610f9f1ffffffffffffff
any
6902000000651c6802000000660bf662
save
6a6471000a003c0000006b297b245b313d23703a605c3a2a7c605c3a783a2d3121783b7365745b783b2e202a705d3b2020207820303a2e682e74785b7020315d402e2a705d7d
raze
6b660c
sums
6c6601
prev
6d6600
(enlist `a)!(enlist 1)
630B000100000061000700010000000100000000000000
1 2!`abc`cdefgh
63070002000000010000000000000002000000000000000B00020000006162630063646566676800
`abc`def`gh!([] one: 1 2 3; two: 4 5 6)
630B000300000061626300646566006768006200630B00020000006F6E650074776F00000002000000070003000000010000000000000002000000000000000300000000000000070003000000040000000000000005000000000000000600000000000000
(`x`y!(`a;2))
630b000200000078007900000002000000f56100f90200000000000000
(1;2h;3.234;"4")!(`one;2 3;"456";(7;8 9))
63000004000000F90100000000000000FB0200F7ac1c5a643bdf0940F634000004000000F56F6E6500070002000000020000000000000003000000000000000A0003000000343536000002000000F9070000000000000007000200000008000000000000000900000000000000
(0 1; 2 3)!`first`second
6300000200000007000200000000000000000000000100000000000000070002000000020000000000000003000000000000000B00020000006669727374007365636F6E6400
`A`B`C!((1;3.234;3);(`x`y!(`a;2));5.5e)
630b0003000000410042004300000003000000000003000000f90100000000000000f7ac1c5a643bdf0940f90300000000000000630b000200000078007900000002000000f56100f90200000000000000f80000b040
flip `abc`def!(1 2 3; 4 5 6)
6200630B00020000006162630064656600000002000000070003000000010000000000000002000000000000000300000000000000070003000000040000000000000005000000000000000600000000000000
flip `name`iq!(`Dent`Beeblebrox`Prefect;98 42 126)
6200630B00020000006E616D65006971000000020000000B000300000044656E7400426565626C6562726F7800507265666563740007000300000062000000000000002A000000000000007E00000000000000
flip `name`iq`grade!(`Dent`Beeblebrox`Prefect;98 42 126;"a c")
6200630B00030000006E616D65006971006772616465000000030000000B000300000044656E7400426565626C6562726F7800507265666563740007000300000062000000000000002A000000000000007E000000000000000A0003000000612063
flip `name`iq`fullname!(`Dent`Beeblebrox`Prefect;98 42 126;("Arthur Dent"; "Zaphod Beeblebrox"; "Ford Prefect"))
6200630B00030000006E616D650069710066756C6C6E616D65000000030000000B000300000044656E7400426565626C6562726F7800507265666563740007000300000062000000000000002A000000000000007E000000000000000000030000000A000B0000004172746875722044656E740A00110000005A6170686F6420426565626C6562726F780A000C000000466F72642050726566656374
flip `name`iq`fullname!(`Dent`Beeblebrox`Prefect;98 42 126;("Arthur Dent"; " "; "Ford Prefect"))
6200630B00030000006E616D650069710066756C6C6E616D65000000030000000B000300000044656E7400426565626C6562726F7800507265666563740007000300000062000000000000002A000000000000007E000000000000000000030000000A000B0000004172746875722044656E74F6200A000C000000466F72642050726566656374
flip `name`iq`misc!(`Dent`Beeblebrox`Prefect;98 42 126;("The Hitch Hiker's Guide to the Galaxy"; 160; 1979.10.12))
6200630B00030000006E616D65006971006D697363000000030000000B000300000044656E7400426565626C6562726F7800507265666563740007000300000062000000000000002A000000000000007E000000000000000000030000000A00250000005468652048697463682048696B6572277320477569646520746F207468652047616C617879F9A000000000000000F226E3FFFF
([] sc:1 2 3; nsc:(1 2; 3 4; 5 6 7))
6200630B00020000007363006E7363000000020000000700030000000100000000000000020000000000000003000000000000000000030000000700020000000100000000000000020000000000000007000200000003000000000000000400000000000000070003000000050000000000000006000000000000000700000000000000
([] sc:1 2 3; nsc:(1 2; 3 4; 5 6))
6200630B00020000007363006E736300000002000000070003000000010000000000000002000000000000000300000000000000000003000000070002000000010000000000000002000000000000000700020000000300000000000000040000000000000007000200000005000000000000000600000000000000
([] name:`symbol$(); iq:`int$())
6200630B00020000006E616D65006971000000020000000B0000000000060000000000
([] pos:`d1`d2`d3;dates:(2001.01.01;2000.05.01;0Nd))
6200630B0002000000706F73006461746573000000020000000B00030000006431006432006433000E00030000006E0100007900000000000080
([eid:1001 1002 1003] pos:`d1`d2`d3;dates:(2001.01.01;2000.05.01;0Nd))
636200630B000100000065696400000001000000070003000000E903000000000000EA03000000000000EB030000000000006200630B0002000000706F73006461746573000000020000000B00030000006431006432006433000E00030000006E0100007900000000000080
([k: 1 2 3] v: `a`b`c)
636200630b00010000006b000000010000000700030000000100000000000000020000000000000003000000000000006200630b000100000076000000010000000b0003000000610062006300
0Ng
fe00000000000000000000000000000000
"G"$"8c680a01-5a49-5aab-5a65-d4bfddb6a661"
FE8C680A015A495AAB5A65D4BFDDB6A661
"G"$"00000000-0000-0000-0000-000000000000"
FE00000000000000000000000000000000
("G"$"8c680a01-5a49-5aab-5a65-d4bfddb6a661"; 0Ng)
0200020000008C680A015A495AAB5A65D4BFDDB6A66100000000000000000000000000000000
1#([] sym:`x`x`x;str:"  a")
6200630b000200000073796d00737472000000020000000b000100000078000a000100000020
-1#([] sym:`x`x`x;str:"  a")
6200630b000200000073796d00737472000000020000000b000100000078000a000100000061
2#([] sym:`x`x`x`x;str:"  aa")
6200630b000200000073796d00737472000000020000000b0002000000780078000a00020000002020
-2#([] sym:`x`x`x`x;str:"  aa")
6200630b000200000073796d00737472000000020000000b0002000000780078000a00020000006161
